// Jest Snapshot v1, https://goo.gl/fbAQLP

exports[`NavBar Component renders the UI as expected 1`] = `
<nav
  className="NavBar"
>
  <div
    className="NavBar__container"
  >
    <div
      className="NavBar__marque"
    >
      <a
        href="/blogs"
        onClick={[Function]}
      >
        Sterling | 
        <span
          className="NavBar--color-splash"
        >
          Blog
        </span>
      </a>
    </div>
    <nav
      className="NavBar__links NavBar__medium"
    >
      <a
        href="/login"
        onClick={[Function]}
      >
        Login
      </a>
      <a
        href="/create-account"
        onClick={[Function]}
      >
        Create Account
      </a>
    </nav>
    <button
      className="Button hamburger_button NavBar__small"
      onClick={[Function]}
      type="button"
    >
      <svg
        aria-hidden="true"
        className="svg-inline--fa fa-bars fa-w-14 "
        data-icon="bars"
        data-prefix="fas"
        focusable="false"
        role="img"
        style={Object {}}
        viewBox="0 0 448 512"
        xmlns="http://www.w3.org/2000/svg"
      >
        <path
          d="M16 132h416c8.837 0 16-7.163 16-16V76c0-8.837-7.163-16-16-16H16C7.163 60 0 67.163 0 76v40c0 8.837 7.163 16 16 16zm0 160h416c8.837 0 16-7.163 16-16v-40c0-8.837-7.163-16-16-16H16c-8.837 0-16 7.163-16 16v40c0 8.837 7.163 16 16 16zm0 160h416c8.837 0 16-7.163 16-16v-40c0-8.837-7.163-16-16-16H16c-8.837 0-16 7.163-16 16v40c0 8.837 7.163 16 16 16z"
          fill="currentColor"
          style={Object {}}
        />
      </svg>
    </button>
  </div>
</nav>
`;
