// Jest Snapshot v1, https://goo.gl/fbAQLP

exports[`BlogList Component renders the UI as expected 1`] = `
<ul
  className="BlogList"
/>
`;

exports[`BlogList Component renders the UI as expected with no blogs 1`] = `
<ul
  className="BlogList"
/>
`;
