// Jest Snapshot v1, https://goo.gl/fbAQLP

exports[`BlogPage Component renders the UI as expected 1`] = `
<div
  className="BlogPage"
>
  <section
    className="BlogPage__blog_list"
  >
    <h3>
      Recent Blogs
    </h3>
    <ul
      className="BlogList"
    />
  </section>
</div>
`;
