// Jest Snapshot v1, https://goo.gl/fbAQLP

exports[`BlogsListPage Component renders the UI as expected 1`] = `
<div
  className="Page BlogsListPage"
>
  <h2>
    Sterling | Blog
  </h2>
  <main>
    <ul
      className="BlogList"
    />
  </main>
</div>
`;
